------------------------------------------------------------
TimeQuest Timing Analyzer Summary
------------------------------------------------------------

Type  : Slow Model Setup 'c'
Slack : -2.442
TNS   : -36.531

Type  : Slow Model Setup 'div27m[21]'
Slack : -0.250
TNS   : -0.390

Type  : Slow Model Hold 'c'
Slack : -2.065
TNS   : -6.889

Type  : Slow Model Hold 'div27m[21]'
Slack : 0.391
TNS   : 0.000

Type  : Slow Model Recovery 'c'
Slack : -2.870
TNS   : -65.861

Type  : Slow Model Removal 'c'
Slack : 0.050
TNS   : 0.000

Type  : Slow Model Minimum Pulse Width 'c'
Slack : -1.380
TNS   : -26.380

Type  : Slow Model Minimum Pulse Width 'div27m[21]'
Slack : -0.500
TNS   : -4.000

Type  : Fast Model Setup 'c'
Slack : -0.649
TNS   : -5.264

Type  : Fast Model Setup 'div27m[21]'
Slack : 0.427
TNS   : 0.000

Type  : Fast Model Hold 'c'
Slack : -1.401
TNS   : -5.079

Type  : Fast Model Hold 'div27m[21]'
Slack : 0.215
TNS   : 0.000

Type  : Fast Model Recovery 'c'
Slack : -0.851
TNS   : -18.701

Type  : Fast Model Removal 'c'
Slack : -0.360
TNS   : -6.624

Type  : Fast Model Minimum Pulse Width 'c'
Slack : -1.380
TNS   : -26.380

Type  : Fast Model Minimum Pulse Width 'div27m[21]'
Slack : -0.500
TNS   : -4.000

------------------------------------------------------------
